// Jest Snapshot v1, https://goo.gl/fbAQLP

exports[`NBAGameTable check contain child block 1`] = `
<Component>
  <NBAGameTable
    fetchData={[Function]}
    getScoreTableUI={[Function]}
    subscribeIo={[Function]}
  >
    <div
      className="boxscore"
    >
      <div
        className="tableScore"
      />
    </div>
  </NBAGameTable>
</Component>
`;
